aaj tak
aastha
abn tv
abp news
abu dhabi tv
ahlebait tv
ahlulbayt tv
ait rnational
akaal channel
al arabiya
al jazeera
alibi
alibi plus one
amc from bt
and tv
animal planet
animal planet plus one
arise news
ary digital
ary news
ary qtv
at the races
atn bangla uk
b four u movies
b four u music
baby tv
bangla tv
bbc alba
bbc four
bbc news
bbc one
bbc parliament
bbc two
believe tv
ben
best direct
bet
bike
bloomberg
bon tv
boomerang
boomerang plus one
box hits
box nation
box upfront
brit asia tv
british muslim
bt sport espn
bt sport europe
bt sport one
bt sport two
c bbc
c beebies
c itv
capital tv
cartoon network
cartoon network plus one
cartoonito
cbs action
cbs drama
cbs reality
cbs reality plus one
cctv news
challenge
challenge plus one
channel aka
channel five
channel five plus one
channel five plus twentyfour
channel four
channel four plus one
channel i
channels twenty four
chart show tv
chelsea tv
chilled tv
chs tv
clubland tv
cnbc
cnc world
cnn
colors
comedy central
comedy central plus one
comedy extra
comedy extra plus one
community
craft channel
craft extra
create and craft
crime and investigation
crime and investigation plus one
cs summer
d max
dave
dave ja vu
daystar
discovery
discovery history
discovery history plus one
discovery plus one
discovery science
discovery science plus one
discovery shed
discovery turbo
disney channel
disney channel plus one
disney junior
disney junior plus
disney xd
disney xd plus one
dm plus tv
dmax plus one
drama
dunya news
e
e four
e four plus one
e plus one
eden
eden plus one
eman channel
euronews
eurosport one
eurosport two
ewtn catholic
faith world tv
fashion one
film four
film four plus one
five star
five star plus one
five usa
five usa plus one
flava
flow tv
food network
food network plus one
forces tv
four music
four seven
fox
fox news
fox plus
france eng
front runner
gems tv
geo news
geo tez
geo tv
gin extreme sports tv
glory tv
god channel
gold
gold plus one
good food
good food plus one
gospel channel
gr shop
h two
heart summer
hidayat tv
high street tv
high street tv three
high street tv two
hill song
history
history plus one hour
hochanda
holiday plus cruise
home
home and health
home and health plus
home and leisure
home plus one
horror channel
horror channel plus one
horse and country
hum europe
id
id plus one
ideal extra
ideal world
insight
inspiration
iqra bangla
iqra tv
irish tv
islam channel
islam channel urdu
itv
itv be
itv be plus one
itv encore
itv encore plus one
itv four
itv four plus one
itv plus one
itv three
itv three plus one
itv two
itv two plus one
jewelry maker
jml direct
keep it country
kerrang
kicc tv
kiss
kix
kix plus one
lfc tv
lifetime
lifetime plus one
london live
loveworld tv
madani channel
magic
matv national
more four
more four plus one
movies four men
movies four men plus one
movies twenty four
movies twenty four plus
mta muslim tv
mtv
mtv base
mtv classic
mtv dance
mtv hits
mtv music
mtv music plus one
mtv plus one
mtv rocks
muslim ummah
mutv
my channel
national geographic
national geographic plus one
national geographic wild
ndtv twenty four seven
news one eight
nhk world
nick junior
nick junior plus one
nick junior too
nickelodeon
nickelodeon plus one
nicktoons
nollywood
noor tv
now music
ntv
olive tv
pavers shoes tv
pbs america
pcne chinese
peace tv
peace tv urdu
pick
pick plus one
pop
pop plus one
premier
premier sports
propeller
property show
psychic today
ptc punjabi
ptv global
ptv prime
quest
quest plus one
qvc
qvc beauty
qvc extra
qvc style
racing uk
real lives
real lives plus one
really
retail tv
revelation
rishtey
rocks and co one
rt
s four c
safeer tv
samaa
sangat
science fiction
science fiction plus one
scuzz
showbiz tv
showcase
showcase three
sikh channel
sky action
sky arts
sky atlantic
sky atlantic plus one
sky comedy
sky disney
sky drama and romance
sky family
sky greats
sky living
sky living plus one
sky news
sky news arabia
sky one
sky one plus one
sky premiere
sky premiere plus one
sky science fiction and horror
sky select
sky showcase
sky sports f1
sky sports five
sky sports four
sky sports mix
sky sports news hq
sky sports one
sky sports three
sky sports two
sky thriller
sky two
son life
sony channel
sony channel  plus one
sony max
sony movies
sony movies plus one
sony sab
sony tv asia
spike
star gold
star life ok
star plus
star ut sav
stars tv
takbeer tv
talking pictures
tbn uk
tcm
tcm plus one
thane
the box
the dept store
the mall
the vault
times now
tiny pop
tiny pop plus one
tjc
tjc choice
tlc
tlc plus one
tlc plus two
travel channel
travel channel plus one
tristar
true crime
true crime plus one
true drama
true entertainment
true movies one
true movies two
true tv
true tv plus one
tv 99
tv five monde
tv one
tv record
tv warehouse
tvc news
tvc news plus one
ummah ch
ump movies
universal
universal plus one
v channel
venus tv
vhone
vintage tv
viva
vox africa
w
w plus one
wellbeing
word network
yesterday
yesterday plus one
your tv
zee cinema
zee punjabi
zee tv
zing
